USAGE    FILE 
52       ./testdata 
84       ./tools/__pycache__ 
172      ./tools 
100      ./__pycache__ 
52       ./.git/hooks 
36       ./.git/logs/refs/heads 
32       ./.git/logs/refs/remotes/origin 
36       ./.git/logs/refs/remotes 
76       ./.git/logs/refs 
116      ./.git/logs 
4        ./.git/refs/tags 
12       ./.git/refs/heads 
12       ./.git/refs/remotes/origin 
16       ./.git/refs/remotes 
36       ./.git/refs 
4        ./.git/branches 
8        ./.git/info 
16       ./.git/objects/9b 
12       ./.git/objects/b2 
24       ./.git/objects/99 
8        ./.git/objects/f3 
12       ./.git/objects/04 
28       ./.git/objects/43 
20       ./.git/objects/c3 
4408     ./.git/objects 
4660     ./.git 
84       ./doc 
5104     .   
